Γû▓ Next.js 16.2.3 (Turbopack)

  Creating an optimized production build ...
npx : 
At line:1 char:1
+ npx next build > 
build_output.log 2>&1
+ ~~~~~~~~~~~~~~~~~~~~~~~~~~~~
~~~~~~~~~~
    + CategoryInfo          : 
    NotSpecified: (:String)   
  [], RemoteException
    + FullyQualifiedErrorId : 
    NativeCommandError
 
> Build error occurred
Error: Turbopack build failed 
with 1 errors:
./src/app/host/dashboard/prope
rties/page.tsx:417:16
Expected '</', got 'jsx text'
  [90m415 |[0m             
</div>
  [90m416 |[0m           
</div>
[31m[1m>[0m [90m417 |[0m 
        </main>
  [90m    |[0m              
  [31m[1m^^^^^^^^^^^^^^^^^^^
^^^^^^^^^^^^^^^^^^^^^^^^^^^^^^
^^^^^^^^^^^^^^^^^^^^^^^^^^^^[
0m
[31m[1m>[0m [90m418 |[0m 
      </div>
  [90m    |[0m 
[31m[1m^^^^^^[0m
  [90m419 |[0m
  [90m420 |[0m       
<[33mAddPropertyModal[0m 
  [90m421 |[0m         
isOpen={isModalOpen}

Parsing ecmascript source 
code failed


    at <unknown> (./src/app/ho
st/dashboard/properties/page.t
sx:417:16)
